[2022-02-27T01:21:40.338-0700][gc,heap] Heap region size: 1M
[2022-02-27T01:21:40.346-0700][gc     ] Using G1
[2022-02-27T01:21:40.346-0700][gc,heap,coops] Heap address: 0x00000007c0000000, size: 1024 MB, Compressed Oops mode: Zero based, Oop shift amount: 3
[2022-02-27T01:21:41.500-0700][gc,start     ] GC(0) Pause Young (Concurrent Start) (Metadata GC Threshold)
[2022-02-27T01:21:41.500-0700][gc,task      ] GC(0) Using 8 workers of 8 for evacuation
[2022-02-27T01:21:41.508-0700][gc,phases    ] GC(0)   Pre Evacuate Collection Set: 0.0ms
[2022-02-27T01:21:41.508-0700][gc,phases    ] GC(0)   Evacuate Collection Set: 7.3ms
[2022-02-27T01:21:41.508-0700][gc,phases    ] GC(0)   Post Evacuate Collection Set: 0.4ms
[2022-02-27T01:21:41.508-0700][gc,phases    ] GC(0)   Other: 0.6ms
[2022-02-27T01:21:41.508-0700][gc,heap      ] GC(0) Eden regions: 43->0(44)
[2022-02-27T01:21:41.508-0700][gc,heap      ] GC(0) Survivor regions: 0->7(7)
[2022-02-27T01:21:41.508-0700][gc,heap      ] GC(0) Old regions: 0->0
[2022-02-27T01:21:41.508-0700][gc,heap      ] GC(0) Humongous regions: 0->0
[2022-02-27T01:21:41.508-0700][gc,metaspace ] GC(0) Metaspace: 20717K->20717K(1069056K)
[2022-02-27T01:21:41.508-0700][gc           ] GC(0) Pause Young (Concurrent Start) (Metadata GC Threshold) 43M->6M(1024M) 8.435ms
[2022-02-27T01:21:41.508-0700][gc,cpu       ] GC(0) User=0.02s Sys=0.00s Real=0.00s
[2022-02-27T01:21:41.508-0700][gc           ] GC(1) Concurrent Cycle
[2022-02-27T01:21:41.508-0700][gc,marking   ] GC(1) Concurrent Clear Claimed Marks
[2022-02-27T01:21:41.508-0700][gc,marking   ] GC(1) Concurrent Clear Claimed Marks 0.030ms
[2022-02-27T01:21:41.508-0700][gc,marking   ] GC(1) Concurrent Scan Root Regions
[2022-02-27T01:21:41.511-0700][gc,marking   ] GC(1) Concurrent Scan Root Regions 2.236ms
[2022-02-27T01:21:41.511-0700][gc,marking   ] GC(1) Concurrent Mark (1.181s)
[2022-02-27T01:21:41.511-0700][gc,marking   ] GC(1) Concurrent Mark From Roots
[2022-02-27T01:21:41.511-0700][gc,task      ] GC(1) Using 2 workers of 2 for marking
[2022-02-27T01:21:41.511-0700][gc,marking   ] GC(1) Concurrent Mark From Roots 0.174ms
[2022-02-27T01:21:41.511-0700][gc,marking   ] GC(1) Concurrent Preclean
[2022-02-27T01:21:41.511-0700][gc,marking   ] GC(1) Concurrent Preclean 0.028ms
[2022-02-27T01:21:41.511-0700][gc,marking   ] GC(1) Concurrent Mark (1.181s, 1.181s) 0.266ms
[2022-02-27T01:21:41.511-0700][gc,start     ] GC(1) Pause Remark
[2022-02-27T01:21:41.513-0700][gc,stringtable] GC(1) Cleaned string and symbol table, strings: 7527 processed, 0 removed, symbols: 63769 processed, 31 removed
[2022-02-27T01:21:41.513-0700][gc            ] GC(1) Pause Remark 7M->7M(1024M) 1.928ms
[2022-02-27T01:21:41.513-0700][gc,cpu        ] GC(1) User=0.01s Sys=0.00s Real=0.00s
[2022-02-27T01:21:41.513-0700][gc,marking    ] GC(1) Concurrent Rebuild Remembered Sets
[2022-02-27T01:21:41.513-0700][gc,marking    ] GC(1) Concurrent Rebuild Remembered Sets 0.069ms
[2022-02-27T01:21:41.513-0700][gc,start      ] GC(1) Pause Cleanup
[2022-02-27T01:21:41.513-0700][gc            ] GC(1) Pause Cleanup 7M->7M(1024M) 0.121ms
[2022-02-27T01:21:41.514-0700][gc,cpu        ] GC(1) User=0.00s Sys=0.00s Real=0.00s
[2022-02-27T01:21:41.514-0700][gc,marking    ] GC(1) Concurrent Cleanup for Next Mark
[2022-02-27T01:21:41.519-0700][gc,marking    ] GC(1) Concurrent Cleanup for Next Mark 4.995ms
[2022-02-27T01:21:41.519-0700][gc            ] GC(1) Concurrent Cycle 10.193ms
[2022-02-27T01:21:43.061-0700][gc,start      ] GC(2) Pause Young (Normal) (G1 Evacuation Pause)
[2022-02-27T01:21:43.061-0700][gc,task       ] GC(2) Using 8 workers of 8 for evacuation
[2022-02-27T01:21:43.070-0700][gc,phases     ] GC(2)   Pre Evacuate Collection Set: 0.0ms
[2022-02-27T01:21:43.070-0700][gc,phases     ] GC(2)   Evacuate Collection Set: 8.4ms
[2022-02-27T01:21:43.070-0700][gc,phases     ] GC(2)   Post Evacuate Collection Set: 0.5ms
[2022-02-27T01:21:43.070-0700][gc,phases     ] GC(2)   Other: 0.2ms
[2022-02-27T01:21:43.070-0700][gc,heap       ] GC(2) Eden regions: 44->0(48)
[2022-02-27T01:21:43.070-0700][gc,heap       ] GC(2) Survivor regions: 7->3(7)
[2022-02-27T01:21:43.070-0700][gc,heap       ] GC(2) Old regions: 0->7
[2022-02-27T01:21:43.070-0700][gc,heap       ] GC(2) Humongous regions: 129->129
[2022-02-27T01:21:43.070-0700][gc,metaspace  ] GC(2) Metaspace: 30242K->30242K(1077248K)
[2022-02-27T01:21:43.070-0700][gc            ] GC(2) Pause Young (Normal) (G1 Evacuation Pause) 179M->138M(1024M) 9.351ms
[2022-02-27T01:21:43.070-0700][gc,cpu        ] GC(2) User=0.04s Sys=0.01s Real=0.01s
[2022-02-27T01:21:43.322-0700][gc,start      ] GC(3) Pause Young (Concurrent Start) (Metadata GC Threshold)
[2022-02-27T01:21:43.322-0700][gc,task       ] GC(3) Using 8 workers of 8 for evacuation
[2022-02-27T01:21:43.325-0700][gc,phases     ] GC(3)   Pre Evacuate Collection Set: 0.1ms
[2022-02-27T01:21:43.325-0700][gc,phases     ] GC(3)   Evacuate Collection Set: 2.5ms
[2022-02-27T01:21:43.325-0700][gc,phases     ] GC(3)   Post Evacuate Collection Set: 0.2ms
[2022-02-27T01:21:43.325-0700][gc,phases     ] GC(3)   Other: 0.2ms
[2022-02-27T01:21:43.325-0700][gc,heap       ] GC(3) Eden regions: 21->0(48)
[2022-02-27T01:21:43.325-0700][gc,heap       ] GC(3) Survivor regions: 3->3(7)
[2022-02-27T01:21:43.325-0700][gc,heap       ] GC(3) Old regions: 7->7
[2022-02-27T01:21:43.325-0700][gc,heap       ] GC(3) Humongous regions: 129->129
[2022-02-27T01:21:43.325-0700][gc,metaspace  ] GC(3) Metaspace: 34651K->34651K(1081344K)
[2022-02-27T01:21:43.325-0700][gc            ] GC(3) Pause Young (Concurrent Start) (Metadata GC Threshold) 159M->138M(1024M) 3.037ms
[2022-02-27T01:21:43.325-0700][gc,cpu        ] GC(3) User=0.02s Sys=0.00s Real=0.00s
[2022-02-27T01:21:43.325-0700][gc            ] GC(4) Concurrent Cycle
[2022-02-27T01:21:43.325-0700][gc,marking    ] GC(4) Concurrent Clear Claimed Marks
[2022-02-27T01:21:43.325-0700][gc,marking    ] GC(4) Concurrent Clear Claimed Marks 0.046ms
[2022-02-27T01:21:43.325-0700][gc,marking    ] GC(4) Concurrent Scan Root Regions
[2022-02-27T01:21:43.327-0700][gc,marking    ] GC(4) Concurrent Scan Root Regions 1.338ms
[2022-02-27T01:21:43.327-0700][gc,marking    ] GC(4) Concurrent Mark (2.997s)
[2022-02-27T01:21:43.327-0700][gc,marking    ] GC(4) Concurrent Mark From Roots
[2022-02-27T01:21:43.327-0700][gc,task       ] GC(4) Using 2 workers of 2 for marking
[2022-02-27T01:21:43.331-0700][gc,marking    ] GC(4) Concurrent Mark From Roots 4.708ms
[2022-02-27T01:21:43.331-0700][gc,marking    ] GC(4) Concurrent Preclean
[2022-02-27T01:21:43.332-0700][gc,marking    ] GC(4) Concurrent Preclean 0.080ms
[2022-02-27T01:21:43.332-0700][gc,marking    ] GC(4) Concurrent Mark (2.997s, 3.002s) 4.863ms
[2022-02-27T01:21:43.332-0700][gc,start      ] GC(4) Pause Remark
[2022-02-27T01:21:43.334-0700][gc,stringtable] GC(4) Cleaned string and symbol table, strings: 11092 processed, 7 removed, symbols: 96374 processed, 26 removed
[2022-02-27T01:21:43.334-0700][gc            ] GC(4) Pause Remark 139M->139M(1024M) 2.157ms
[2022-02-27T01:21:43.334-0700][gc,cpu        ] GC(4) User=0.01s Sys=0.00s Real=0.00s
[2022-02-27T01:21:43.334-0700][gc,marking    ] GC(4) Concurrent Rebuild Remembered Sets
[2022-02-27T01:21:43.337-0700][gc,marking    ] GC(4) Concurrent Rebuild Remembered Sets 2.640ms
[2022-02-27T01:21:43.337-0700][gc,start      ] GC(4) Pause Cleanup
[2022-02-27T01:21:43.337-0700][gc            ] GC(4) Pause Cleanup 139M->139M(1024M) 0.115ms
[2022-02-27T01:21:43.337-0700][gc,cpu        ] GC(4) User=0.00s Sys=0.00s Real=0.00s
[2022-02-27T01:21:43.337-0700][gc,marking    ] GC(4) Concurrent Cleanup for Next Mark
[2022-02-27T01:21:43.342-0700][gc,marking    ] GC(4) Concurrent Cleanup for Next Mark 5.590ms
[2022-02-27T01:21:43.342-0700][gc            ] GC(4) Concurrent Cycle 17.225ms
[2022-02-27T01:21:44.011-0700][gc,start      ] GC(5) Pause Young (Normal) (G1 Evacuation Pause)
[2022-02-27T01:21:44.011-0700][gc,task       ] GC(5) Using 8 workers of 8 for evacuation
[2022-02-27T01:21:44.015-0700][gc,phases     ] GC(5)   Pre Evacuate Collection Set: 0.0ms
[2022-02-27T01:21:44.015-0700][gc,phases     ] GC(5)   Evacuate Collection Set: 3.8ms
[2022-02-27T01:21:44.016-0700][gc,phases     ] GC(5)   Post Evacuate Collection Set: 0.3ms
[2022-02-27T01:21:44.016-0700][gc,phases     ] GC(5)   Other: 0.3ms
[2022-02-27T01:21:44.016-0700][gc,heap       ] GC(5) Eden regions: 48->0(44)
[2022-02-27T01:21:44.016-0700][gc,heap       ] GC(5) Survivor regions: 3->7(7)
[2022-02-27T01:21:44.016-0700][gc,heap       ] GC(5) Old regions: 7->7
[2022-02-27T01:21:44.016-0700][gc,heap       ] GC(5) Humongous regions: 129->129
[2022-02-27T01:21:44.016-0700][gc,metaspace  ] GC(5) Metaspace: 42930K->42930K(1087488K)
[2022-02-27T01:21:44.016-0700][gc            ] GC(5) Pause Young (Normal) (G1 Evacuation Pause) 186M->141M(1024M) 4.718ms
[2022-02-27T01:21:44.016-0700][gc,cpu        ] GC(5) User=0.03s Sys=0.01s Real=0.00s
[2022-02-27T01:25:30.605-0700][gc,start      ] GC(6) Pause Young (Normal) (G1 Evacuation Pause)
[2022-02-27T01:25:30.605-0700][gc,task       ] GC(6) Using 8 workers of 8 for evacuation
[2022-02-27T01:25:30.628-0700][gc,mmu        ] GC(6) MMU target violated: 21.0ms (20.0ms/21.0ms)
[2022-02-27T01:25:30.628-0700][gc,phases     ] GC(6)   Pre Evacuate Collection Set: 1.2ms
[2022-02-27T01:25:30.628-0700][gc,phases     ] GC(6)   Evacuate Collection Set: 20.9ms
[2022-02-27T01:25:30.628-0700][gc,phases     ] GC(6)   Post Evacuate Collection Set: 0.6ms
[2022-02-27T01:25:30.628-0700][gc,phases     ] GC(6)   Other: 0.8ms
[2022-02-27T01:25:30.628-0700][gc,heap       ] GC(6) Eden regions: 44->0(48)
[2022-02-27T01:25:30.628-0700][gc,heap       ] GC(6) Survivor regions: 7->3(7)
[2022-02-27T01:25:30.628-0700][gc,heap       ] GC(6) Old regions: 7->13
[2022-02-27T01:25:30.628-0700][gc,heap       ] GC(6) Humongous regions: 129->129
[2022-02-27T01:25:30.628-0700][gc,metaspace  ] GC(6) Metaspace: 49102K->49102K(1093632K)
[2022-02-27T01:25:30.628-0700][gc            ] GC(6) Pause Young (Normal) (G1 Evacuation Pause) 185M->144M(1024M) 23.560ms
[2022-02-27T01:25:30.628-0700][gc,cpu        ] GC(6) User=0.05s Sys=0.08s Real=0.02s
[2022-02-27T01:33:20.212-0700][gc,heap,exit  ] Heap
[2022-02-27T01:33:20.213-0700][gc,heap,exit  ]  garbage-first heap   total 1048576K, used 184115K [0x00000007c0000000, 0x0000000800000000)
[2022-02-27T01:33:20.213-0700][gc,heap,exit  ]   region size 1024K, 40 young (40960K), 3 survivors (3072K)
[2022-02-27T01:33:20.213-0700][gc,heap,exit  ]  Metaspace       used 52290K, capacity 55246K, committed 55472K, reserved 1097728K
[2022-02-27T01:33:20.213-0700][gc,heap,exit  ]   class space    used 6692K, capacity 8144K, committed 8192K, reserved 1048576K
