[2022-02-27T01:18:53.560-0700][gc,heap] Heap region size: 1M
[2022-02-27T01:18:53.569-0700][gc     ] Using G1
[2022-02-27T01:18:53.569-0700][gc,heap,coops] Heap address: 0x00000007c0000000, size: 1024 MB, Compressed Oops mode: Zero based, Oop shift amount: 3
[2022-02-27T01:18:55.101-0700][gc,start     ] GC(0) Pause Young (Concurrent Start) (Metadata GC Threshold)
[2022-02-27T01:18:55.101-0700][gc,task      ] GC(0) Using 8 workers of 8 for evacuation
[2022-02-27T01:18:55.110-0700][gc,phases    ] GC(0)   Pre Evacuate Collection Set: 0.0ms
[2022-02-27T01:18:55.110-0700][gc,phases    ] GC(0)   Evacuate Collection Set: 7.8ms
[2022-02-27T01:18:55.110-0700][gc,phases    ] GC(0)   Post Evacuate Collection Set: 0.3ms
[2022-02-27T01:18:55.110-0700][gc,phases    ] GC(0)   Other: 0.5ms
[2022-02-27T01:18:55.110-0700][gc,heap      ] GC(0) Eden regions: 43->0(44)
[2022-02-27T01:18:55.110-0700][gc,heap      ] GC(0) Survivor regions: 0->7(7)
[2022-02-27T01:18:55.110-0700][gc,heap      ] GC(0) Old regions: 0->0
[2022-02-27T01:18:55.110-0700][gc,heap      ] GC(0) Humongous regions: 0->0
[2022-02-27T01:18:55.110-0700][gc,metaspace ] GC(0) Metaspace: 20725K->20725K(1069056K)
[2022-02-27T01:18:55.110-0700][gc           ] GC(0) Pause Young (Concurrent Start) (Metadata GC Threshold) 43M->6M(1024M) 8.866ms
[2022-02-27T01:18:55.110-0700][gc,cpu       ] GC(0) User=0.02s Sys=0.00s Real=0.01s
[2022-02-27T01:18:55.110-0700][gc           ] GC(1) Concurrent Cycle
[2022-02-27T01:18:55.110-0700][gc,marking   ] GC(1) Concurrent Clear Claimed Marks
[2022-02-27T01:18:55.110-0700][gc,marking   ] GC(1) Concurrent Clear Claimed Marks 0.025ms
[2022-02-27T01:18:55.110-0700][gc,marking   ] GC(1) Concurrent Scan Root Regions
[2022-02-27T01:18:55.112-0700][gc,marking   ] GC(1) Concurrent Scan Root Regions 1.576ms
[2022-02-27T01:18:55.112-0700][gc,marking   ] GC(1) Concurrent Mark (1.561s)
[2022-02-27T01:18:55.112-0700][gc,marking   ] GC(1) Concurrent Mark From Roots
[2022-02-27T01:18:55.112-0700][gc,task      ] GC(1) Using 2 workers of 2 for marking
[2022-02-27T01:18:55.112-0700][gc,marking   ] GC(1) Concurrent Mark From Roots 0.159ms
[2022-02-27T01:18:55.112-0700][gc,marking   ] GC(1) Concurrent Preclean
[2022-02-27T01:18:55.112-0700][gc,marking   ] GC(1) Concurrent Preclean 0.025ms
[2022-02-27T01:18:55.112-0700][gc,marking   ] GC(1) Concurrent Mark (1.561s, 1.561s) 0.225ms
[2022-02-27T01:18:55.112-0700][gc,start     ] GC(1) Pause Remark
[2022-02-27T01:18:55.114-0700][gc,stringtable] GC(1) Cleaned string and symbol table, strings: 7538 processed, 0 removed, symbols: 63760 processed, 31 removed
[2022-02-27T01:18:55.114-0700][gc            ] GC(1) Pause Remark 7M->7M(1024M) 1.907ms
[2022-02-27T01:18:55.114-0700][gc,cpu        ] GC(1) User=0.01s Sys=0.00s Real=0.00s
[2022-02-27T01:18:55.114-0700][gc,marking    ] GC(1) Concurrent Rebuild Remembered Sets
[2022-02-27T01:18:55.114-0700][gc,marking    ] GC(1) Concurrent Rebuild Remembered Sets 0.085ms
[2022-02-27T01:18:55.114-0700][gc,start      ] GC(1) Pause Cleanup
[2022-02-27T01:18:55.114-0700][gc            ] GC(1) Pause Cleanup 7M->7M(1024M) 0.097ms
[2022-02-27T01:18:55.114-0700][gc,cpu        ] GC(1) User=0.00s Sys=0.00s Real=0.00s
[2022-02-27T01:18:55.114-0700][gc,marking    ] GC(1) Concurrent Cleanup for Next Mark
[2022-02-27T01:18:55.121-0700][gc,marking    ] GC(1) Concurrent Cleanup for Next Mark 6.185ms
[2022-02-27T01:18:55.121-0700][gc            ] GC(1) Concurrent Cycle 10.547ms
[2022-02-27T01:19:14.289-0700][gc,heap,exit  ] Heap
[2022-02-27T01:19:14.289-0700][gc,heap,exit  ]  garbage-first heap   total 1048576K, used 18075K [0x00000007c0000000, 0x0000000800000000)
[2022-02-27T01:19:14.289-0700][gc,heap,exit  ]   region size 1024K, 19 young (19456K), 7 survivors (7168K)
[2022-02-27T01:19:14.289-0700][gc,heap,exit  ]  Metaspace       used 22786K, capacity 23256K, committed 23472K, reserved 1071104K
[2022-02-27T01:19:14.289-0700][gc,heap,exit  ]   class space    used 2611K, capacity 2806K, committed 2816K, reserved 1048576K
